[backblue.gif]
[fade.gif]
[index.html]
[www.jobpadhq.com/thirdparty/jquery-1.7.2.min.js]
[www.jobpadhq.com/thirdparty/slides.min.jquery.js]
[www.jobpadhq.com/js/client/common.js]
[www.jobpadhq.com/thirdparty/fancybox/jquery.fancybox-1.3.4.pack.js]
[www.jobpadhq.com/images/client/logo.png]
[www.jobpadhq.com/images/client/ico-monster.gif]
[www.jobpadhq.com/images/client/ico-dice.gif]
[www.jobpadhq.com/images/client/ico-taleo.gif]
[www.jobpadhq.com/images/client/ico-career.gif]
[www.jobpadhq.com/images/client/ico-facebook.gif]
[www.jobpadhq.com/images/client/ico-linkedin.gif]
[www.jobpadhq.com/images/client/ico-lin.gif]
[www.jobpadhq.com/index.html]
[www.jobpadhq.com/images/client/bg.jpg]
[www.jobpadhq.com/css/client/fonts/oswald-webfont.eot]
[www.jobpadhq.com/css/client/fonts/oswald-webfont.woff]
[www.jobpadhq.com/css/client/fonts/oswald-webfontd41d.eot]
[www.jobpadhq.com/css/client/fonts/oswald-webfont.ttf]
[www.jobpadhq.com/css/client/fonts/tahoma.eot]
[www.jobpadhq.com/css/client/fonts/tahoma.woff]
[www.jobpadhq.com/css/client/fonts/tahomad41d.eot]
[www.jobpadhq.com/css/client/fonts/tahoma.ttf]
[www.jobpadhq.com/css/client/fonts/tahoma_bold.eot]
[www.jobpadhq.com/css/client/fonts/tahoma_bold.woff]
[www.jobpadhq.com/css/client/fonts/tahoma_boldd41d.eot]
[www.jobpadhq.com/css/client/fonts/tahoma_bold.ttf]
[www.jobpadhq.com/images/client/common.png]
[www.jobpadhq.com/images/client/bg-belt.png]
[www.jobpadhq.com/images/client/dot.gif]
[www.jobpadhq.com/images/admin/yes.png]
[www.jobpadhq.com/css/client/common.css]
[www.jobpadhq.com/css/client/default.advanced.css]
[www.jobpadhq.com/images/client/menu-image/nav-arrow-down.png]
[www.jobpadhq.com/images/client/menu-image/nav-arrow-right.png]
[www.jobpadhq.com/images/client/menu-image/nav-arrow-top.png]
[www.jobpadhq.com/images/client/menu-image/nav-arrow-left.png]
[www.jobpadhq.com/css/client/default.css]
[www.jobpadhq.com/css/client/dropdown.css]
[www.jobpadhq.com/thirdparty/fancybox/fancybox.png]
[www.jobpadhq.com/thirdparty/fancybox/blank.gif]
[www.jobpadhq.com/thirdparty/fancybox/fancybox-x.png]
[www.jobpadhq.com/thirdparty/fancybox/fancybox-y.png]
[www.jobpadhq.com/thirdparty/fancybox/fancy_title_over.png]
[www.jobpadhq.com/thirdparty/fancybox/jquery.fancybox-1.3.4.css]
[www.jobpadhq.com/js/client/sdmenu.js]
[www.jobpadhq.com/products.html]
[www.jobpadhq.com/talent-transition-platform.html]
[www.jobpadhq.com/job-insight.html]
[www.jobpadhq.com/jobclipper.html]
[www.jobpadhq.com/jobpad-tool-kit.html]
[www.jobpadhq.com/solutions.html]
[www.jobpadhq.com/colleges-career-schools.html]
[www.jobpadhq.com/outplacement-agencies.html]
[www.jobpadhq.com/employers.html]
[www.jobpadhq.com/others.html]
[www.jobpadhq.com/company.html]
[www.jobpadhq.com/about-us.html]
[www.jobpadhq.com/partners.html]
[www.jobpadhq.com/contact-us.html]
[www.jobpadhq.com/register-pages/request-a-demo.html]
[www.jobpadhq.com/what-is-talent-transition-management.html]
[www.jobpadhq.com/jobpad-talent-transition-platform.html]
[www.jobpadhq.com/why-jobpad.html]
[www.jobpadhq.com/popup/privacy-policy.html]
[www.jobpadhq.com/popup/terms-of-use.html]
[www.jobpadhq.com/css/client/fonts/oswald-webfont.svg]
[www.jobpadhq.com/css/client/fonts/tahoma.svg]
[www.jobpadhq.com/css/client/fonts/tahoma.ttf]
[www.jobpadhq.com/css/client/fonts/tahoma_boldd41d.eot]
[www.jobpadhq.com/css/client/fonts/tahoma_bold.svg]
[www.jobpadhq.com/register-pages/request-a-free-trial.html]
[www.jobpadhq.com/JobClipper-Supported-Sites.html]
[www.jobpadhq.com/colleges-career-schools/customizable-job-search-experience-1.html]
[www.jobpadhq.com/colleges-career-schools/job-search-organization-1.html]
[www.jobpadhq.com/colleges-career-schools/job-search-automation-1.html]
[www.jobpadhq.com/colleges-career-schools/job-search-education-1.html]
[www.jobpadhq.com/colleges-career-schools/job-search-tuning-1.html]
[www.jobpadhq.com/colleges-career-schools/job-guide-1.html]
[www.jobpadhq.com/colleges-career-schools/performance-management-1.html]
[www.jobpadhq.com/colleges-career-schools/foundation-service.html]
[www.jobpadhq.com/colleges-career-schools/features-1.html]
[w.sharethis.com/button/buttons.js]
[www.jobpadhq.com/colleges-career-schools/resources.html]
[www.jobpadhq.com/colleges-career-schools/customers.html]
[www.jobpadhq.com/outplacement-agencies/customizable-job-search-experience.html]
[www.jobpadhq.com/outplacement-agencies/job-search-organization.html]
[www.jobpadhq.com/outplacement-agencies/job-search-automation.html]
[www.jobpadhq.com/outplacement-agencies/job-search-education.html]
[www.jobpadhq.com/outplacement-agencies/job-search-tuning.html]
[www.jobpadhq.com/outplacement-agencies/job-guide.html]
[www.jobpadhq.com/outplacement-agencies/performance-management.html]
[www.jobpadhq.com/outplacement-agencies/transitionpal.html]
[www.jobpadhq.com/outplacement-agencies/features.html]
[www.jobpadhq.com/outplacement-agencies/webinars.html]
[www.jobpadhq.com/employers/how-it-works.html]
[www.jobpadhq.com/employers/features-2.html]
[www.jobpadhq.com/employers/integrated-services.html]
[www.jobpadhq.com/employers/transitionpal-1.html]
[www.jobpadhq.com/thirdparty/jquery-ui/js/jquery-ui-1.8.24.custom.min.js]
[www.jobpadhq.com/images/client/textbg.jpg]
[www.jobpadhq.com/images/client/textareabg.jpg]
[www.jobpadhq.com/roi-calculator/employers.html]
[www.jobpadhq.com/features-1f7de.html]
[www.jobpadhq.com/features-18862.html]
[www.jobpadhq.com/features-273e4.html]
[www.jobpadhq.com/register-pages/request-a-free-trail.html]
[www.jobpadhq.com/favicon.html]
[assets.pinterest.com/js/pinmarklet2a3b.js]
[platform.foursquare.com/js/widgets.js]
[platform.linkedin.com/in.js]
[platform-s.foursquare.com/js/widgets.js]
[passets-cdn.pinterest.com/images/follow-on-pinterest-button.png]
[s.ytimg.com/yt/img/creators_corner/Subscribe_to_my_videos/YT_Subscribe_130x36_red.png]
[apis.google.com/js/plusone.js]
[w.sharethis.com/button/buttons.js]
[w.sharethis.com/button/clipboard.js]
[www.jobpadhq.com/Secrets-of-electronic-resumes.html]
[www.jobpadhq.com/employer-tools.html]
[www.jobpadhq.com/features8862.html]
[www.jobpadhq.com/thirdparty/jquery-ui/css/smoothness/images/ui-bg_flat_75_ffffff_40x100.png]
[www.jobpadhq.com/thirdparty/jquery-ui/css/smoothness/images/ui-bg_highlight-soft_75_cccccc_1x100.png]
[www.jobpadhq.com/thirdparty/jquery-ui/css/smoothness/images/ui-bg_glass_75_e6e6e6_1x400.png]
[www.jobpadhq.com/thirdparty/jquery-ui/css/smoothness/images/ui-bg_glass_75_dadada_1x400.png]
[www.jobpadhq.com/thirdparty/jquery-ui/css/smoothness/images/ui-bg_glass_65_ffffff_1x400.png]
[www.jobpadhq.com/thirdparty/jquery-ui/css/smoothness/images/ui-bg_glass_55_fbf9ee_1x400.png]
[www.jobpadhq.com/thirdparty/jquery-ui/css/smoothness/images/ui-bg_glass_95_fef1ec_1x400.png]
[www.jobpadhq.com/thirdparty/jquery-ui/css/smoothness/images/ui-icons_222222_256x240.png]
[www.jobpadhq.com/thirdparty/jquery-ui/css/smoothness/images/ui-icons_888888_256x240.png]
[www.jobpadhq.com/thirdparty/jquery-ui/css/smoothness/images/ui-icons_454545_256x240.png]
[www.jobpadhq.com/thirdparty/jquery-ui/css/smoothness/images/ui-icons_2e83ff_256x240.png]
[www.jobpadhq.com/thirdparty/jquery-ui/css/smoothness/images/ui-icons_cd0a0a_256x240.png]
[www.jobpadhq.com/thirdparty/jquery-ui/css/smoothness/images/ui-bg_flat_0_aaaaaa_40x100.png]
[www.jobpadhq.com/thirdparty/jquery-ui/css/smoothness/jquery-ui-1.9.2.custom.min.css]
[www.jobpadhq.com/thirdparty/fancybox/fancybox/fancy_close.html]
[www.jobpadhq.com/thirdparty/fancybox/fancybox/fancy_nav_left.html]
[www.jobpadhq.com/thirdparty/fancybox/fancybox/fancy_nav_right.html]
[www.jobpadhq.com/thirdparty/fancybox/fancybox/fancy_title_over.html]
[www.jobpadhq.com/thirdparty/fancybox/fancybox/fancy_title_left.html]
[www.jobpadhq.com/thirdparty/fancybox/fancybox/fancy_title_main.html]
[www.jobpadhq.com/thirdparty/fancybox/fancybox/fancy_title_right.html]
[www.jobpadhq.com/thirdparty/fancybox/fancybox/fancy_loading.html]
[www.jobpadhq.com/thirdparty/fancybox/fancybox/fancy_shadow_n.html]
[www.jobpadhq.com/thirdparty/fancybox/fancybox/fancy_shadow_ne.html]
[www.jobpadhq.com/thirdparty/fancybox/fancybox/fancy_shadow_e.html]
[www.jobpadhq.com/thirdparty/fancybox/fancybox/fancy_shadow_se.html]
[www.jobpadhq.com/thirdparty/fancybox/fancybox/fancy_shadow_s.html]
[www.jobpadhq.com/thirdparty/fancybox/fancybox/fancy_shadow_sw.html]
[www.jobpadhq.com/thirdparty/fancybox/fancybox/fancy_shadow_w.html]
[www.jobpadhq.com/thirdparty/fancybox/fancybox/fancy_shadow_nw.html]
[w.sharethis.com/button/css/clipboard.css]
[w.sharethis.com/button/html2canvas.js]
[w.sharethis.com/button/clipboard.js]
[www.jobpadhq.com/webinars-3.html]
[www.jobpadhq.com/contactus.html]
[w.sharethis.com/images/clip/CLIP_SPRITE.png]
[w.sharethis.com/images/clip/SnapSet_SPRITE.png]
[w.sharethis.com/images/share-icon-32x32.png]
[w.sharethis.com/images/clip/Bookmarklet_TAB.png]
[w.sharethis.com/images/clip/Bookmarklet_BG.png]
[w.sharethis.com/images/clip/Bookmarklet_CLOSE_SPRITE.png]
[w.sharethis.com/images/clip/Bookmarklet_Logo.png]
[w.sharethis.com/images/clip/HEADLINE.png]
[w.sharethis.com/images/clip/Bookmarklet_EXAMPLES.png]
[w.sharethis.com/button/css/clipboard.css]
[w.sharethis.com/button/html2canvas.js]
[www.jobpadhq.com/colleges-career-schools/opr/index.html]
[www.jobpadhq.com/colleges-career-schools/AcroPDF.html]
[www.jobpadhq.com/colleges-career-schools/buttons.html]
